* This is the StructMobWeight report file that is output every time the server starts.
* 
* Spawn Balance Utility (SBU) will use this file ONLY if it is renamed to StructMobWeight.csv.
* Lines starting with '*' are comments and ignored
* It allows you to add and remove mobs and adjust their spawnweights for Structures
* like shipwrecks, nether fortresses, water monuments, etc.
* 
1, hauntedharvest:abandoned_farm, HEADING, header:ignore, 0, 0, 0
2, dungeons_arise:abandoned_temple, HEADING, header:ignore, 0, 0, 0
3, dungeons_arise:abandoned_temple, MONSTER, minecraft:stray, 10, 1, 1
4, incendium:abandoned_tower, HEADING, header:ignore, 0, 0, 0
5, wan_ancient_beasts:abandoned_village, HEADING, header:ignore, 0, 0, 0
6, nordic_structures:abandonednordicmine_1, HEADING, header:ignore, 0, 0, 0
7, nordic_structures:abandonednordicmine_2, HEADING, header:ignore, 0, 0, 0
8, alexscaves:abyssal_ruins, HEADING, header:ignore, 0, 0, 0
9, alexscaves:abyssal_ruins, MONSTER, alexscaves:mine_guardian, 20, 1, 2
10, alexscaves:acid_pit, HEADING, header:ignore, 0, 0, 0
11, minecraft:ancient_city, HEADING, header:ignore, 0, 0, 0
12, wan_ancient_beasts:ancient_nest, HEADING, header:ignore, 0, 0, 0
13, ati_structures:ancient_temple, HEADING, header:ignore, 0, 0, 0
14, ati_structures:ancient_temple, MONSTER, minecraft:slime, 10, 1, 2
15, ati_structures:ancient_vessel, HEADING, header:ignore, 0, 0, 0
16, ati_structures:arachnid_dwelling, HEADING, header:ignore, 0, 0, 0
17, atmospheric:arid_garden, HEADING, header:ignore, 0, 0, 0
18, dungeons_arise:aviary, HEADING, header:ignore, 0, 0, 0
19, dungeons_arise:aviary, MONSTER, minecraft:phantom, 60, 2, 3
20, nova_structures:badlands_miner_outpost, HEADING, header:ignore, 0, 0, 0
21, dungeons_arise:bandit_towers, HEADING, header:ignore, 0, 0, 0
22, dungeons_arise:bandit_village, HEADING, header:ignore, 0, 0, 0
23, takesapillage:bastille, HEADING, header:ignore, 0, 0, 0
24, minecraft:bastion_remnant, HEADING, header:ignore, 0, 0, 0
25, dungeons_arise:bathhouse, HEADING, header:ignore, 0, 0, 0
26, tameablebeasts:beetle_nest, HEADING, header:ignore, 0, 0, 0
27, tameablebeasts:beetle_nest, CREATURE, tameablebeasts:tameable_beetle, 10, 1, 2
28, tameablebeasts:beetle_nest, CREATURE, tameablebeasts:ground_beetle, 10, 1, 2
29, nordic_structures:bigvikingeatinghouse, HEADING, header:ignore, 0, 0, 0
30, dungeons_enhanced:black_citadel, HEADING, header:ignore, 0, 0, 0
31, dungeons_enhanced:black_citadel, MONSTER, minecraft:wither_skeleton, 10, 2, 5
32, dungeons_enhanced:black_citadel, MONSTER, minecraft:skeleton, 10, 1, 3
33, nova_structures:bunker, HEADING, header:ignore, 0, 0, 0
34, minecraft:buried_treasure, HEADING, header:ignore, 0, 0, 0
35, alexscaves:cake_cave, HEADING, header:ignore, 0, 0, 0
36, dungeons_enhanced:castle, HEADING, header:ignore, 0, 0, 0
37, dungeons_arise:ceryneian_hind, HEADING, header:ignore, 0, 0, 0
38, netherexp:chapel, HEADING, header:ignore, 0, 0, 0
39, born_in_chaos_v1:clown_caravan_plains, HEADING, header:ignore, 0, 0, 0
40, born_in_chaos_v1:clown_caravan_savanna, HEADING, header:ignore, 0, 0, 0
41, born_in_chaos_v1:clown_caravan_taiga, HEADING, header:ignore, 0, 0, 0
42, dungeons_arise:coliseum, HEADING, header:ignore, 0, 0, 0
43, nova_structures:conduit_ruin, HEADING, header:ignore, 0, 0, 0
44, nova_structures:conduit_ruin, MONSTER, minecraft:guardian, 10, 1, 1
45, nova_structures:conduit_ruin, MONSTER, minecraft:drowned, 10, 1, 2
46, nova_structures:creeping_crypt, HEADING, header:ignore, 0, 0, 0
47, ati_structures:dark_keep, HEADING, header:ignore, 0, 0, 0
48, ati_structures:dark_tower, HEADING, header:ignore, 0, 0, 0
49, born_in_chaos_v1:dark_tower_forest, HEADING, header:ignore, 0, 0, 0
50, born_in_chaos_v1:dark_tower_plain, HEADING, header:ignore, 0, 0, 0
51, born_in_chaos_v1:dark_tower_taiga, HEADING, header:ignore, 0, 0, 0
52, dungeons_enhanced:deep_crypt, HEADING, header:ignore, 0, 0, 0
53, ati_structures:deepslate_keep, HEADING, header:ignore, 0, 0, 0
54, ati_structures:desert_outpost, HEADING, header:ignore, 0, 0, 0
55, minecraft:desert_pyramid, HEADING, header:ignore, 0, 0, 0
56, nova_structures:desert_ruins, HEADING, header:ignore, 0, 0, 0
57, wan_ancient_beasts:desert_ruins, HEADING, header:ignore, 0, 0, 0
58, wan_ancient_beasts:desert_ruins_small, HEADING, header:ignore, 0, 0, 0
59, betterdeserttemples:desert_temple, HEADING, header:ignore, 0, 0, 0
60, betterdeserttemples:desert_temple, MONSTER, minecraft:husk, 80, 10, 32
61, betterdeserttemples:desert_temple, CREATURE, minecraft:cat, 80, 4, 4
62, betterdeserttemples:desert_temple, CREATURE, minecraft:rabbit, 80, 4, 4
63, dungeons_enhanced:desert_temple, HEADING, header:ignore, 0, 0, 0
64, dungeons_enhanced:desert_tomb, HEADING, header:ignore, 0, 0, 0
65, netherexp:devils_bluff, HEADING, header:ignore, 0, 0, 0
66, wan_ancient_beasts:digsite_badlands, HEADING, header:ignore, 0, 0, 0
67, wan_ancient_beasts:digsite_badlands, CREATURE, minecraft:pig, 80, 1, 1
68, wan_ancient_beasts:digsite_desert, HEADING, header:ignore, 0, 0, 0
69, wan_ancient_beasts:digsite_icespikes, HEADING, header:ignore, 0, 0, 0
70, wan_ancient_beasts:digsite_jungle, HEADING, header:ignore, 0, 0, 0
71, wan_ancient_beasts:digsite_large_badlands, HEADING, header:ignore, 0, 0, 0
72, wan_ancient_beasts:digsite_large_desert, HEADING, header:ignore, 0, 0, 0
73, wan_ancient_beasts:digsite_large_icespikes, HEADING, header:ignore, 0, 0, 0
74, wan_ancient_beasts:digsite_large_jungle, HEADING, header:ignore, 0, 0, 0
75, wan_ancient_beasts:digsite_large_oldgrowthtaiga, HEADING, header:ignore, 0, 0, 0
76, wan_ancient_beasts:digsite_large_peaks, HEADING, header:ignore, 0, 0, 0
77, wan_ancient_beasts:digsite_large_plains, HEADING, header:ignore, 0, 0, 0
78, wan_ancient_beasts:digsite_large_savanna, HEADING, header:ignore, 0, 0, 0
79, wan_ancient_beasts:digsite_large_taiga, HEADING, header:ignore, 0, 0, 0
80, wan_ancient_beasts:digsite_oldgrowthtaiga, HEADING, header:ignore, 0, 0, 0
81, wan_ancient_beasts:digsite_peaks, HEADING, header:ignore, 0, 0, 0
82, wan_ancient_beasts:digsite_plains, HEADING, header:ignore, 0, 0, 0
83, wan_ancient_beasts:digsite_savanna, HEADING, header:ignore, 0, 0, 0
84, wan_ancient_beasts:digsite_small_badlands, HEADING, header:ignore, 0, 0, 0
85, wan_ancient_beasts:digsite_small_desert, HEADING, header:ignore, 0, 0, 0
86, wan_ancient_beasts:digsite_small_icespikes, HEADING, header:ignore, 0, 0, 0
87, wan_ancient_beasts:digsite_small_jungle, HEADING, header:ignore, 0, 0, 0
88, wan_ancient_beasts:digsite_small_oldgrowthtaiga, HEADING, header:ignore, 0, 0, 0
89, wan_ancient_beasts:digsite_small_peaks, HEADING, header:ignore, 0, 0, 0
90, wan_ancient_beasts:digsite_small_plains, HEADING, header:ignore, 0, 0, 0
91, wan_ancient_beasts:digsite_small_savanna, HEADING, header:ignore, 0, 0, 0
92, wan_ancient_beasts:digsite_small_taiga, HEADING, header:ignore, 0, 0, 0
93, wan_ancient_beasts:digsite_taiga, HEADING, header:ignore, 0, 0, 0
94, alexscaves:dino_bowl, HEADING, header:ignore, 0, 0, 0
95, ati_structures:dojo, HEADING, header:ignore, 0, 0, 0
96, nova_structures:donjon, HEADING, header:ignore, 0, 0, 0
97, alexscaves:donut_arch, HEADING, header:ignore, 0, 0, 0
98, extra_dungeons:drowned_dungeon, HEADING, header:ignore, 0, 0, 0
99, dungeons_enhanced:druid_circle, HEADING, header:ignore, 0, 0, 0
100, dungeoncrawl:dungeon, HEADING, header:ignore, 0, 0, 0
101, dungeons_enhanced:dungeon_variant, HEADING, header:ignore, 0, 0, 0
102, nordic_structures:dwarfcavern_1, HEADING, header:ignore, 0, 0, 0
103, endergetic:eetle_nest, HEADING, header:ignore, 0, 0, 0
104, endergetic:eetle_nest, MONSTER, endergetic:charger_eetle, 12, 3, 7
105, endergetic:eetle_nest, MONSTER, endergetic:glider_eetle, 10, 3, 6
106, dungeons_enhanced:elders_temple, HEADING, header:ignore, 0, 0, 0
107, dungeons_enhanced:elders_temple, MONSTER, minecraft:guardian, 10, 2, 4
108, minecraft:end_city, HEADING, header:ignore, 0, 0, 0
109, minecraft:end_city, MONSTER, alexsmobs:mimicube, 40, 1, 3
110, born_in_chaos_v1:farm, HEADING, header:ignore, 0, 0, 0
111, alexscaves:ferrocave, HEADING, header:ignore, 0, 0, 0
112, nova_structures:firewatch_tower_birch, HEADING, header:ignore, 0, 0, 0
113, nova_structures:firewatch_tower_cherry, HEADING, header:ignore, 0, 0, 0
114, nova_structures:firewatch_tower_dark_oak, HEADING, header:ignore, 0, 0, 0
115, nova_structures:firewatch_tower_forest, HEADING, header:ignore, 0, 0, 0
116, nova_structures:firewatch_tower_jungle, HEADING, header:ignore, 0, 0, 0
117, nova_structures:firewatch_tower_mangrove, HEADING, header:ignore, 0, 0, 0
118, nova_structures:firewatch_tower_savanna, HEADING, header:ignore, 0, 0, 0
119, nova_structures:firewatch_tower_swamp, HEADING, header:ignore, 0, 0, 0
120, nova_structures:firewatch_tower_taiga, HEADING, header:ignore, 0, 0, 0
121, born_in_chaos_v1:firewell, HEADING, header:ignore, 0, 0, 0
122, dungeons_arise:fishing_hut, HEADING, header:ignore, 0, 0, 0
123, dungeons_enhanced:fishing_ship, HEADING, header:ignore, 0, 0, 0
124, dungeons_enhanced:flying_dutchman, HEADING, header:ignore, 0, 0, 0
125, incendium:forbidden_castle, HEADING, header:ignore, 0, 0, 0
126, alexscaves:forlorn_bridge, HEADING, header:ignore, 0, 0, 0
127, alexscaves:forlorn_canyon, HEADING, header:ignore, 0, 0, 0
128, ati_structures:fortified_temple, HEADING, header:ignore, 0, 0, 0
129, betterfortresses:fortress, HEADING, header:ignore, 0, 0, 0
130, betterfortresses:fortress, MONSTER, minecraft:blaze, 10, 2, 3
131, betterfortresses:fortress, MONSTER, minecraft:zombified_piglin, 10, 4, 4
132, betterfortresses:fortress, MONSTER, minecraft:wither_skeleton, 10, 5, 5
133, betterfortresses:fortress, MONSTER, minecraft:skeleton, 10, 5, 5
134, betterfortresses:fortress, MONSTER, minecraft:magma_cube, 10, 4, 4
135, minecraft:fortress, HEADING, header:ignore, 0, 0, 0
136, minecraft:fortress, MONSTER, minecraft:blaze, 10, 2, 3
137, minecraft:fortress, MONSTER, minecraft:zombified_piglin, 10, 4, 4
138, minecraft:fortress, MONSTER, minecraft:wither_skeleton, 10, 5, 5
139, minecraft:fortress, MONSTER, minecraft:skeleton, 10, 5, 5
140, minecraft:fortress, MONSTER, minecraft:magma_cube, 10, 4, 4
141, dungeons_arise:foundry, HEADING, header:ignore, 0, 0, 0
142, mowziesmobs:frostmaw_spawn, HEADING, header:ignore, 0, 0, 0
143, tameablebeasts:gecko_nest, HEADING, header:ignore, 0, 0, 0
144, tameablebeasts:gecko_nest, CREATURE, tameablebeasts:crested_gecko, 10, 1, 2
145, dungeons_arise:giant_mushroom, HEADING, header:ignore, 0, 0, 0
146, snowyspirit:gingerbread_house, HEADING, header:ignore, 0, 0, 0
147, snowyspirit:gingerbread_house, MONSTER, minecraft:witch, 10, 1, 1
148, snowyspirit:gingerbread_house, CREATURE, minecraft:pig, 10, 1, 1
149, alexscaves:gingerbread_town, HEADING, header:ignore, 0, 0, 0
150, alexscaves:gingerbread_town, MONSTER, alexscaves:gingerbread_man, 80, 4, 4
151, ati_structures:gnome_hut, HEADING, header:ignore, 0, 0, 0
152, ati_structures:granite_fort, HEADING, header:ignore, 0, 0, 0
153, born_in_chaos_v1:grave_2003wise, HEADING, header:ignore, 0, 0, 0
154, born_in_chaos_v1:grave_2_dling, HEADING, header:ignore, 0, 0, 0
155, born_in_chaos_v1:grave_darktitan, HEADING, header:ignore, 0, 0, 0
156, born_in_chaos_v1:grave_derivas, HEADING, header:ignore, 0, 0, 0
157, born_in_chaos_v1:grave_euthymia, HEADING, header:ignore, 0, 0, 0
158, born_in_chaos_v1:grave_feral, HEADING, header:ignore, 0, 0, 0
159, born_in_chaos_v1:grave_fubuki_banzai, HEADING, header:ignore, 0, 0, 0
160, born_in_chaos_v1:grave_memesus, HEADING, header:ignore, 0, 0, 0
161, born_in_chaos_v1:grave_mike_and_rory, HEADING, header:ignore, 0, 0, 0
162, born_in_chaos_v1:grave_orion, HEADING, header:ignore, 0, 0, 0
163, born_in_chaos_v1:grave_petasi, HEADING, header:ignore, 0, 0, 0
164, born_in_chaos_v1:grave_somfunambulist, HEADING, header:ignore, 0, 0, 0
165, born_in_chaos_v1:gravecarrionexe, HEADING, header:ignore, 0, 0, 0
166, dungeons_arise:greenwood_pub, HEADING, header:ignore, 0, 0, 0
167, nova_structures:hamlet, HEADING, header:ignore, 0, 0, 0
168, ati_structures:haunted_ruin, HEADING, header:ignore, 0, 0, 0
169, dungeons_enhanced:hay_storage, HEADING, header:ignore, 0, 0, 0
170, dungeons_arise:heavenly_challenger, HEADING, header:ignore, 0, 0, 0
171, dungeons_arise:heavenly_conqueror, HEADING, header:ignore, 0, 0, 0
172, dungeons_arise:heavenly_rider, HEADING, header:ignore, 0, 0, 0
173, ati_structures:herobrine_stronghold, HEADING, header:ignore, 0, 0, 0
174, extra_dungeons:husk_dungeon, HEADING, header:ignore, 0, 0, 0
175, dungeons_enhanced:ice_pit, HEADING, header:ignore, 0, 0, 0
176, wan_ancient_beasts:ice_spike_castle, HEADING, header:ignore, 0, 0, 0
177, ati_structures:ice_tribe, HEADING, header:ignore, 0, 0, 0
178, ati_structures:ice_tribe, MONSTER, minecraft:pig, 10, 1, 2
179, minecraft:igloo, HEADING, header:ignore, 0, 0, 0
180, nova_structures:illager_camp, HEADING, header:ignore, 0, 0, 0
181, dungeons_arise:illager_campsite, HEADING, header:ignore, 0, 0, 0
182, dungeons_arise:illager_corsair, HEADING, header:ignore, 0, 0, 0
183, dungeons_arise:illager_fort, HEADING, header:ignore, 0, 0, 0
184, dungeons_arise:illager_galley, HEADING, header:ignore, 0, 0, 0
185, nova_structures:illager_hideout, HEADING, header:ignore, 0, 0, 0
186, ati_structures:illager_homestead, HEADING, header:ignore, 0, 0, 0
187, nova_structures:illager_manor, HEADING, header:ignore, 0, 0, 0
188, ati_structures:illager_tower, HEADING, header:ignore, 0, 0, 0
189, dungeons_arise:illager_windmill, HEADING, header:ignore, 0, 0, 0
190, incendium:infernal_altar, HEADING, header:ignore, 0, 0, 0
191, born_in_chaos_v1:infernal_pumpkin, HEADING, header:ignore, 0, 0, 0
192, dungeons_arise:infested_temple, HEADING, header:ignore, 0, 0, 0
193, ati_structures:jungle_grotto, HEADING, header:ignore, 0, 0, 0
194, dungeons_enhanced:jungle_monument, HEADING, header:ignore, 0, 0, 0
195, minecraft:jungle_pyramid, HEADING, header:ignore, 0, 0, 0
196, nova_structures:jungle_ruins, HEADING, header:ignore, 0, 0, 0
197, ati_structures:jungle_settlement, HEADING, header:ignore, 0, 0, 0
198, betterjungletemples:jungle_temple, HEADING, header:ignore, 0, 0, 0
199, dungeons_arise:jungle_tree_house, HEADING, header:ignore, 0, 0, 0
200, dungeons_arise:keep_kayra, HEADING, header:ignore, 0, 0, 0
201, atmospheric:kousa_sanctum, HEADING, header:ignore, 0, 0, 0
202, dungeonnowloading:labyrinth, HEADING, header:ignore, 0, 0, 0
203, dungeonnowloading:labyrinth, MONSTER, minecraft:spider, 80, 4, 4
204, dungeonnowloading:labyrinth, MONSTER, minecraft:zombie, 80, 4, 4
205, dungeonnowloading:labyrinth, MONSTER, minecraft:zombie_villager, 10, 1, 1
206, dungeonnowloading:labyrinth, MONSTER, minecraft:skeleton, 80, 4, 4
207, dungeonnowloading:labyrinth, MONSTER, minecraft:creeper, 80, 4, 4
208, dungeonnowloading:labyrinth, MONSTER, minecraft:slime, 80, 4, 4
209, dungeonnowloading:labyrinth, MONSTER, minecraft:enderman, 10, 1, 4
210, dungeonnowloading:labyrinth, MONSTER, minecraft:witch, 10, 1, 1
211, dungeonnowloading:labyrinth, MONSTER, minecraft:drowned, 80, 4, 4
212, dungeonnowloading:labyrinth, AMBIENT, minecraft:bat, 10, 8, 8
213, dungeonnowloading:labyrinth, UNDERGROUND_WATER_CREATURE, minecraft:glow_squid, 10, 4, 6
214, dungeons_enhanced:large_dungeon, HEADING, header:ignore, 0, 0, 0
215, nordic_structures:largevikingvillage, HEADING, header:ignore, 0, 0, 0
216, alexscaves:licowitch_tower, HEADING, header:ignore, 0, 0, 0
217, alexscaves:licowitch_tower, MONSTER, alexscaves:licowitch, 70, 1, 1
218, alexscaves:licowitch_tower, MONSTER, minecraft:witch, 30, 1, 1
219, ati_structures:lighthouse, HEADING, header:ignore, 0, 0, 0
220, dungeons_arise:lighthouse, HEADING, header:ignore, 0, 0, 0
221, environmental:log_cabin, HEADING, header:ignore, 0, 0, 0
222, nova_structures:mangrove_witch_hut, HEADING, header:ignore, 0, 0, 0
223, nova_structures:mangrove_witch_hut, MONSTER, minecraft:witch, 10, 1, 1
224, nova_structures:mangrove_witch_hut, CREATURE, minecraft:cat, 10, 1, 1
225, ati_structures:manor, HEADING, header:ignore, 0, 0, 0
226, ati_structures:manor, MONSTER, minecraft:pillager, 10, 1, 1
227, minecraft:mansion, HEADING, header:ignore, 0, 0, 0
228, autumnity:maple_hut, HEADING, header:ignore, 0, 0, 0
229, autumnity:maple_hut, MONSTER, minecraft:witch, 10, 1, 1
230, autumnity:maple_hut, CREATURE, minecraft:cat, 10, 1, 1
231, ati_structures:marble_chateau, HEADING, header:ignore, 0, 0, 0
232, dungeons_arise:mechanical_nest, HEADING, header:ignore, 0, 0, 0
233, netherexp:mega_fossil, HEADING, header:ignore, 0, 0, 0
234, netherexp:mega_fossil_campsite, HEADING, header:ignore, 0, 0, 0
235, netherexp:mega_fossil_campsite, MONSTER, minecraft:skeleton, 10, 1, 1
236, netherexp:mega_fossil_campsite, MONSTER, netherexp:vessel, 10, 1, 1
237, dungeons_arise:merchant_campsite, HEADING, header:ignore, 0, 0, 0
238, wan_ancient_beasts:mesa_temple, HEADING, header:ignore, 0, 0, 0
239, wan_ancient_beasts:mesa_temple_small, HEADING, header:ignore, 0, 0, 0
240, dungeons_enhanced:miners_house, HEADING, header:ignore, 0, 0, 0
241, minecraft:mineshaft, HEADING, header:ignore, 0, 0, 0
242, minecraft:mineshaft, AMBIENT, alexsmobs:underminer, 50, 1, 1
243, bettermineshafts:mineshaft_acacia, HEADING, header:ignore, 0, 0, 0
244, bettermineshafts:mineshaft_acacia, AMBIENT, alexsmobs:underminer, 50, 1, 1
245, bettermineshafts:mineshaft_desert, HEADING, header:ignore, 0, 0, 0
246, bettermineshafts:mineshaft_desert, AMBIENT, alexsmobs:underminer, 50, 1, 1
247, bettermineshafts:mineshaft_dripstone, HEADING, header:ignore, 0, 0, 0
248, bettermineshafts:mineshaft_dripstone, AMBIENT, alexsmobs:underminer, 50, 1, 1
249, bettermineshafts:mineshaft_ice, HEADING, header:ignore, 0, 0, 0
250, bettermineshafts:mineshaft_ice, AMBIENT, alexsmobs:underminer, 50, 1, 1
251, bettermineshafts:mineshaft_jungle, HEADING, header:ignore, 0, 0, 0
252, bettermineshafts:mineshaft_jungle, AMBIENT, alexsmobs:underminer, 50, 1, 1
253, bettermineshafts:mineshaft_lush, HEADING, header:ignore, 0, 0, 0
254, bettermineshafts:mineshaft_lush, AMBIENT, alexsmobs:underminer, 50, 1, 1
255, bettermineshafts:mineshaft_mesa, HEADING, header:ignore, 0, 0, 0
256, bettermineshafts:mineshaft_mesa, AMBIENT, alexsmobs:underminer, 50, 1, 1
257, minecraft:mineshaft_mesa, HEADING, header:ignore, 0, 0, 0
258, minecraft:mineshaft_mesa, AMBIENT, alexsmobs:underminer, 50, 1, 1
259, bettermineshafts:mineshaft_mushroom, HEADING, header:ignore, 0, 0, 0
260, bettermineshafts:mineshaft_mushroom, AMBIENT, alexsmobs:underminer, 50, 1, 1
261, bettermineshafts:mineshaft_oak, HEADING, header:ignore, 0, 0, 0
262, bettermineshafts:mineshaft_oak, AMBIENT, alexsmobs:underminer, 50, 1, 1
263, bettermineshafts:mineshaft_overgrown, HEADING, header:ignore, 0, 0, 0
264, bettermineshafts:mineshaft_overgrown, AMBIENT, alexsmobs:underminer, 50, 1, 1
265, bettermineshafts:mineshaft_red_desert, HEADING, header:ignore, 0, 0, 0
266, bettermineshafts:mineshaft_red_desert, AMBIENT, alexsmobs:underminer, 50, 1, 1
267, bettermineshafts:mineshaft_spruce, HEADING, header:ignore, 0, 0, 0
268, bettermineshafts:mineshaft_spruce, AMBIENT, alexsmobs:underminer, 50, 1, 1
269, bettermineshafts:mineshaft_spruce_snowy, HEADING, header:ignore, 0, 0, 0
270, bettermineshafts:mineshaft_spruce_snowy, AMBIENT, alexsmobs:underminer, 50, 1, 1
271, dungeons_arise:mining_system, HEADING, header:ignore, 0, 0, 0
272, dungeons_arise:monastery, HEADING, header:ignore, 0, 0, 0
273, mowziesmobs:monastery, HEADING, header:ignore, 0, 0, 0
274, mowziesmobs:monastery, MONSTER, mowziesmobs:bluff, 80, 1, 2
275, ati_structures:monastery_tower, HEADING, header:ignore, 0, 0, 0
276, dungeons_enhanced:monster_maze, HEADING, header:ignore, 0, 0, 0
277, minecraft:monument, HEADING, header:ignore, 0, 0, 0
278, minecraft:monument, MONSTER, minecraft:guardian, 10, 2, 4
279, ati_structures:mosque, HEADING, header:ignore, 0, 0, 0
280, born_in_chaos_v1:mound_of_hounds, HEADING, header:ignore, 0, 0, 0
281, ati_structures:mud_tower, HEADING, header:ignore, 0, 0, 0
282, dungeons_arise:mushroom_house, HEADING, header:ignore, 0, 0, 0
283, dungeons_enhanced:mushroom_house, HEADING, header:ignore, 0, 0, 0
284, dungeons_arise:mushroom_mines, HEADING, header:ignore, 0, 0, 0
285, dungeons_arise:mushroom_village, HEADING, header:ignore, 0, 0, 0
286, warriorsofpastepoch:musketeer_fort, HEADING, header:ignore, 0, 0, 0
287, minecraft:nether_fossil, HEADING, header:ignore, 0, 0, 0
288, minecraft:nether_fossil, MONSTER, alexsmobs:soul_vulture, 30, 1, 1
289, nova_structures:nether_keep, HEADING, header:ignore, 0, 0, 0
290, nova_structures:nether_keep, MONSTER, minecraft:blaze, 10, 2, 3
291, nova_structures:nether_keep, MONSTER, minecraft:zombified_piglin, 10, 4, 4
292, nova_structures:nether_keep, MONSTER, minecraft:wither_skeleton, 10, 5, 5
293, nova_structures:nether_keep, MONSTER, minecraft:skeleton, 10, 5, 5
294, nova_structures:nether_keep, MONSTER, minecraft:magma_cube, 10, 4, 4
295, nova_structures:nether_port, HEADING, header:ignore, 0, 0, 0
296, nova_structures:nether_port, MONSTER, minecraft:blaze, 10, 1, 2
297, nova_structures:nether_port, MONSTER, minecraft:zombified_piglin, 10, 1, 2
298, nova_structures:nether_port, MONSTER, minecraft:wither_skeleton, 10, 1, 3
299, nova_structures:nether_port, MONSTER, minecraft:skeleton, 10, 1, 5
300, nova_structures:nether_port, MONSTER, minecraft:magma_cube, 10, 1, 2
301, incendium:nether_reactor, HEADING, header:ignore, 0, 0, 0
302, nova_structures:nether_skeleton_tower_basalt, HEADING, header:ignore, 0, 0, 0
303, nova_structures:nether_skeleton_tower_crimson, HEADING, header:ignore, 0, 0, 0
304, nova_structures:nether_skeleton_tower_soul, HEADING, header:ignore, 0, 0, 0
305, nova_structures:nether_skeleton_tower_warped, HEADING, header:ignore, 0, 0, 0
306, ati_structures:nomadic_camp, HEADING, header:ignore, 0, 0, 0
307, ati_structures:nomadic_camp, MONSTER, minecraft:pillager, 10, 1, 1
308, born_in_chaos_v1:observation_tower_forest, HEADING, header:ignore, 0, 0, 0
309, born_in_chaos_v1:observation_tower_plains, HEADING, header:ignore, 0, 0, 0
310, betteroceanmonuments:ocean_monument, HEADING, header:ignore, 0, 0, 0
311, betteroceanmonuments:ocean_monument, MONSTER, minecraft:guardian, 10, 2, 4
312, minecraft:ocean_ruin_cold, HEADING, header:ignore, 0, 0, 0
313, minecraft:ocean_ruin_warm, HEADING, header:ignore, 0, 0, 0
314, alexscaves:ocean_trench, HEADING, header:ignore, 0, 0, 0
315, ati_structures:old_fort, HEADING, header:ignore, 0, 0, 0
316, ati_structures:old_home, HEADING, header:ignore, 0, 0, 0
317, ati_structures:overgrown_outpost, HEADING, header:ignore, 0, 0, 0
318, species:paleontology_dig_site, HEADING, header:ignore, 0, 0, 0
319, nova_structures:piglin_camp, HEADING, header:ignore, 0, 0, 0
320, nova_structures:piglin_outstation, HEADING, header:ignore, 0, 0, 0
321, nova_structures:piglin_outstation, MONSTER, minecraft:piglin, 10, 1, 1
322, incendium:piglin_village, HEADING, header:ignore, 0, 0, 0
323, dungeons_enhanced:pillager_camp, HEADING, header:ignore, 0, 0, 0
324, dungeons_enhanced:pillager_camp, MONSTER, minecraft:pillager, 10, 2, 3
325, dungeons_enhanced:pillager_camp, MONSTER, minecraft:vindicator, 10, 1, 2
326, takesapillage:pillager_camp, HEADING, header:ignore, 0, 0, 0
327, prototypedungeons:pillager_castle, HEADING, header:ignore, 0, 0, 0
328, prototypedungeons:pillager_castle, MONSTER, minecraft:pillager, 10, 1, 1
329, prototypedungeons:pillager_castle, MONSTER, minecraft:vindicator, 10, 1, 1
330, minecraft:pillager_outpost, HEADING, header:ignore, 0, 0, 0
331, minecraft:pillager_outpost, MONSTER, minecraft:pillager, 10, 1, 1
332, incendium:pipeline, HEADING, header:ignore, 0, 0, 0
333, dungeons_enhanced:pirate_ship, HEADING, header:ignore, 0, 0, 0
334, dungeons_enhanced:pirate_ship, MONSTER, minecraft:pillager, 10, 3, 4
335, dungeons_enhanced:pirate_ship, MONSTER, minecraft:vindicator, 10, 1, 2
336, dungeons_arise:plague_asylum, HEADING, header:ignore, 0, 0, 0
337, warriorsofpastepoch:plague_village, HEADING, header:ignore, 0, 0, 0
338, ati_structures:pufferfish_cave, HEADING, header:ignore, 0, 0, 0
339, ati_structures:quarry, HEADING, header:ignore, 0, 0, 0
340, incendium:quartz_kitchen, HEADING, header:ignore, 0, 0, 0
341, ribbits:ribbit_village, HEADING, header:ignore, 0, 0, 0
342, tameablebeasts:roly_nest, HEADING, header:ignore, 0, 0, 0
343, tameablebeasts:roly_nest, CREATURE, tameablebeasts:giant_roly_poly, 10, 1, 2
344, ati_structures:rotten_log, HEADING, header:ignore, 0, 0, 0
345, ati_structures:rotting_temple, HEADING, header:ignore, 0, 0, 0
346, ati_structures:rotting_temple, MONSTER, minecraft:zombie, 10, 1, 3
347, ati_structures:rotting_temple_underground, HEADING, header:ignore, 0, 0, 0
348, ati_structures:rotting_temple_underground, MONSTER, minecraft:zombie, 10, 1, 3
349, nova_structures:ruin_town, HEADING, header:ignore, 0, 0, 0
350, dungeons_enhanced:ruined_building, HEADING, header:ignore, 0, 0, 0
351, ati_structures:ruined_castle, HEADING, header:ignore, 0, 0, 0
352, incendium:ruined_lab, HEADING, header:ignore, 0, 0, 0
353, minecraft:ruined_portal, HEADING, header:ignore, 0, 0, 0
354, minecraft:ruined_portal_desert, HEADING, header:ignore, 0, 0, 0
355, minecraft:ruined_portal_jungle, HEADING, header:ignore, 0, 0, 0
356, minecraft:ruined_portal_mountain, HEADING, header:ignore, 0, 0, 0
357, minecraft:ruined_portal_nether, HEADING, header:ignore, 0, 0, 0
358, minecraft:ruined_portal_ocean, HEADING, header:ignore, 0, 0, 0
359, minecraft:ruined_portal_swamp, HEADING, header:ignore, 0, 0, 0
360, incendium:sanctum, HEADING, header:ignore, 0, 0, 0
361, netherexp:sanctum, HEADING, header:ignore, 0, 0, 0
362, netherexp:sanctum, MONSTER, minecraft:skeleton, 10, 1, 3
363, netherexp:sanctum, MONSTER, netherexp:vessel, 10, 1, 2
364, netherexp:sanctum, MONSTER, netherexp:banshee, 10, 1, 1
365, netherexp:sanctum, MONSTER, netherexp:apparition, 10, 1, 1
366, dungeons_arise:scorched_mines, HEADING, header:ignore, 0, 0, 0
367, ati_structures:sculk_deposit, HEADING, header:ignore, 0, 0, 0
368, minecraft:shipwreck, HEADING, header:ignore, 0, 0, 0
369, minecraft:shipwreck, MONSTER, alexsmobs:skelewag, 15, 1, 2
370, minecraft:shipwreck_beached, HEADING, header:ignore, 0, 0, 0
371, dungeons_arise:shiraz_palace, HEADING, header:ignore, 0, 0, 0
372, ati_structures:silverfish_nest, HEADING, header:ignore, 0, 0, 0
373, ati_structures:sinking_temple, HEADING, header:ignore, 0, 0, 0
374, ati_structures:sinking_temple, MONSTER, minecraft:drowned, 10, 1, 2
375, nova_structures:skeleton_camp_crimson, HEADING, header:ignore, 0, 0, 0
376, nova_structures:skeleton_camp_soul, HEADING, header:ignore, 0, 0, 0
377, nova_structures:skeleton_camp_warped, HEADING, header:ignore, 0, 0, 0
378, nova_structures:skeleton_camp_waste, HEADING, header:ignore, 0, 0, 0
379, betterdungeons:skeleton_dungeon, HEADING, header:ignore, 0, 0, 0
380, betterdungeons:skeleton_dungeon, MONSTER, minecraft:skeleton, 80, 4, 15
381, extra_dungeons:skeleton_dungeon, HEADING, header:ignore, 0, 0, 0
382, dungeons_arise:small_blimp, HEADING, header:ignore, 0, 0, 0
383, betterdungeons:small_dungeon, HEADING, header:ignore, 0, 0, 0
384, ati_structures:small_keep, HEADING, header:ignore, 0, 0, 0
385, betterdungeons:small_nether_dungeon, HEADING, header:ignore, 0, 0, 0
386, dungeons_arise:small_prairie_house, HEADING, header:ignore, 0, 0, 0
387, alexscaves:soda_bottle, HEADING, header:ignore, 0, 0, 0
388, nordic_structures:specialvikinglongboat_1, HEADING, header:ignore, 0, 0, 0
389, nordic_structures:specialvikinglongboat_2, HEADING, header:ignore, 0, 0, 0
390, nordic_structures:specialvikinglongboat_3, HEADING, header:ignore, 0, 0, 0
391, betterdungeons:spider_dungeon, HEADING, header:ignore, 0, 0, 0
392, betterdungeons:spider_dungeon, MONSTER, minecraft:spider, 80, 4, 15
393, betterdungeons:spider_dungeon, MONSTER, minecraft:cave_spider, 50, 4, 8
394, extra_dungeons:spider_dungeon, HEADING, header:ignore, 0, 0, 0
395, ati_structures:spider_nest, HEADING, header:ignore, 0, 0, 0
396, ati_structures:spider_nest, MONSTER, minecraft:spider, 10, 1, 3
397, ati_structures:spider_nest, MONSTER, minecraft:cave_spider, 10, 1, 2
398, dungeons_enhanced:stables, HEADING, header:ignore, 0, 0, 0
399, ati_structures:steam_house, HEADING, header:ignore, 0, 0, 0
400, ati_structures:storage_house, HEADING, header:ignore, 0, 0, 0
401, extra_dungeons:stray_dungeon, HEADING, header:ignore, 0, 0, 0
402, nova_structures:stray_fort, HEADING, header:ignore, 0, 0, 0
403, nova_structures:stray_fort, MONSTER, minecraft:stray, 10, 1, 32
404, ati_structures:stray_ruins, HEADING, header:ignore, 0, 0, 0
405, betterstrongholds:stronghold, HEADING, header:ignore, 0, 0, 0
406, minecraft:stronghold, HEADING, header:ignore, 0, 0, 0
407, dungeons_enhanced:sunken_shrine, HEADING, header:ignore, 0, 0, 0
408, minecraft:swamp_hut, HEADING, header:ignore, 0, 0, 0
409, minecraft:swamp_hut, MONSTER, minecraft:witch, 10, 1, 1
410, minecraft:swamp_hut, CREATURE, minecraft:cat, 10, 1, 1
411, dungeons_enhanced:tall_witch_hut, HEADING, header:ignore, 0, 0, 0
412, ati_structures:tavern, HEADING, header:ignore, 0, 0, 0
413, nova_structures:tavern_acacia, HEADING, header:ignore, 0, 0, 0
414, nova_structures:tavern_birch, HEADING, header:ignore, 0, 0, 0
415, nova_structures:tavern_cherry, HEADING, header:ignore, 0, 0, 0
416, nova_structures:tavern_dark_oak, HEADING, header:ignore, 0, 0, 0
417, nova_structures:tavern_desert, HEADING, header:ignore, 0, 0, 0
418, nova_structures:tavern_jungle, HEADING, header:ignore, 0, 0, 0
419, nova_structures:tavern_mangrove, HEADING, header:ignore, 0, 0, 0
420, nova_structures:tavern_oak, HEADING, header:ignore, 0, 0, 0
421, nova_structures:tavern_snowy, HEADING, header:ignore, 0, 0, 0
422, nova_structures:tavern_spruce, HEADING, header:ignore, 0, 0, 0
423, nova_structures:tavern_swamp, HEADING, header:ignore, 0, 0, 0
424, dungeons_arise:thornborn_towers, HEADING, header:ignore, 0, 0, 0
425, dungeons_enhanced:tower_of_the_undead, HEADING, header:ignore, 0, 0, 0
426, minecraft:trail_ruins, HEADING, header:ignore, 0, 0, 0
427, dungeons_enhanced:tree_house, HEADING, header:ignore, 0, 0, 0
428, dungeons_arise:typhon, HEADING, header:ignore, 0, 0, 0
429, nordic_structures:tyrfingrshrine, HEADING, header:ignore, 0, 0, 0
430, mowziesmobs:umvuthana_grove, HEADING, header:ignore, 0, 0, 0
431, nova_structures:undead_crypt, HEADING, header:ignore, 0, 0, 0
432, dungeons_arise:undead_pirate_ship, HEADING, header:ignore, 0, 0, 0
433, alexscaves:underground_cabin, HEADING, header:ignore, 0, 0, 0
434, nova_structures:underground_house, HEADING, header:ignore, 0, 0, 0
435, ati_structures:underground_monument, HEADING, header:ignore, 0, 0, 0
436, ati_structures:underwater_dungeon, HEADING, header:ignore, 0, 0, 0
437, ati_structures:underwater_dungeon, MONSTER, minecraft:drowned, 10, 1, 2
438, ati_structures:underwater_dungeon, MONSTER, minecraft:guardian, 10, 1, 2
439, nordic_structures:vikingfarm, HEADING, header:ignore, 0, 0, 0
440, nordic_structures:vikingfort, HEADING, header:ignore, 0, 0, 0
441, nordic_structures:vikinglongboatboss, HEADING, header:ignore, 0, 0, 0
442, nordic_structures:vikingstatue, HEADING, header:ignore, 0, 0, 0
443, nordic_structures:vikingstatuebirch, HEADING, header:ignore, 0, 0, 0
444, nordic_structures:vikingstatueplains, HEADING, header:ignore, 0, 0, 0
445, nordic_structures:vikingtent, HEADING, header:ignore, 0, 0, 0
446, nordic_structures:vikingtower, HEADING, header:ignore, 0, 0, 0
447, minecraft:village_desert, HEADING, header:ignore, 0, 0, 0
448, nova_structures:village_jungle, HEADING, header:ignore, 0, 0, 0
449, minecraft:village_plains, HEADING, header:ignore, 0, 0, 0
450, minecraft:village_savanna, HEADING, header:ignore, 0, 0, 0
451, atmospheric:village_scrubland, HEADING, header:ignore, 0, 0, 0
452, minecraft:village_snowy, HEADING, header:ignore, 0, 0, 0
453, nova_structures:village_swamp, HEADING, header:ignore, 0, 0, 0
454, minecraft:village_taiga, HEADING, header:ignore, 0, 0, 0
455, ati_structures:villager_inn, HEADING, header:ignore, 0, 0, 0
456, alexscaves:volcano, HEADING, header:ignore, 0, 0, 0
457, ati_structures:warden_monument, HEADING, header:ignore, 0, 0, 0
458, dungeons_enhanced:watch_tower, HEADING, header:ignore, 0, 0, 0
459, supplementaries:way_sign, HEADING, header:ignore, 0, 0, 0
460, nova_structures:well_birch, HEADING, header:ignore, 0, 0, 0
461, nova_structures:well_dark_oak, HEADING, header:ignore, 0, 0, 0
462, nova_structures:well_jungle, HEADING, header:ignore, 0, 0, 0
463, nova_structures:well_oak, HEADING, header:ignore, 0, 0, 0
464, nova_structures:well_savana, HEADING, header:ignore, 0, 0, 0
465, nova_structures:well_spruce, HEADING, header:ignore, 0, 0, 0
466, nova_structures:wild_ruin, HEADING, header:ignore, 0, 0, 0
467, dungeons_arise:wishing_well, HEADING, header:ignore, 0, 0, 0
468, betterwitchhuts:witch_circle, HEADING, header:ignore, 0, 0, 0
469, betterwitchhuts:witch_circle, MONSTER, minecraft:witch, 10, 1, 1
470, betterwitchhuts:witch_circle, CREATURE, minecraft:cat, 10, 1, 1
471, betterwitchhuts:witch_hut, HEADING, header:ignore, 0, 0, 0
472, betterwitchhuts:witch_hut, MONSTER, minecraft:witch, 10, 1, 1
473, betterwitchhuts:witch_hut, CREATURE, minecraft:cat, 10, 1, 1
474, dungeons_enhanced:witch_tower, HEADING, header:ignore, 0, 0, 0
475, nova_structures:witch_villa, HEADING, header:ignore, 0, 0, 0
476, ati_structures:wither_cavern, HEADING, header:ignore, 0, 0, 0
477, ati_structures:wither_keep, HEADING, header:ignore, 0, 0, 0
478, ati_structures:woodland_keep, HEADING, header:ignore, 0, 0, 0
479, species:wraptor_coop, HEADING, header:ignore, 0, 0, 0
480, mowziesmobs:wrought_chamber, HEADING, header:ignore, 0, 0, 0
481, betterdungeons:zombie_dungeon, HEADING, header:ignore, 0, 0, 0
482, betterdungeons:zombie_dungeon, MONSTER, minecraft:zombie, 80, 4, 15
483, extra_dungeons:zombie_dungeon, HEADING, header:ignore, 0, 0, 0
